
> readyon-app@0.1.0 build-storybook /Users/maksym_polinka/Desktop/Projects/readyon-app
> storybook build -o storybook-static "--output-dir=/private/var/folders/s5/9_vz09d95kn40w81hvszyb680000gn/T/chromatic--73511-vv5oPnsx7QwV"

[1m@storybook/core v8.6.18
[22m
info => Cleaning outputDir: [36m../../../../../private/var/folders/s5/9_vz09d95kn40w81hvszyb680000gn/T/chromatic--73511-vv5oPnsx7QwV[39m
info => Loading presets
info => Building manager..
info => Manager built ([38;2;181;126;229m67 ms[39m)
info => Building preview..
info Using tsconfig paths for react-docgen
[36mvite v8.0.16 [32mbuilding client environment for production...[36m[39m
[2Ktransforming...✓ 152 modules transformed.
rendering chunks...
computing gzip size...
../../../../../private/var/folders/s5/9_vz09d95kn40w81hvszyb680000gn/T/chromatic--73511-vv5oPnsx7QwV/iframe.html                                     17.57 kB │ gzip:   4.99 kB
../../../../../private/var/folders/s5/9_vz09d95kn40w81hvszyb680000gn/T/chromatic--73511-vv5oPnsx7QwV/assets/preview-xs5JuIpZ.css                     15.73 kB │ gzip:   4.07 kB
../../../../../private/var/folders/s5/9_vz09d95kn40w81hvszyb680000gn/T/chromatic--73511-vv5oPnsx7QwV/assets/chunk-H6MOWX77-iH2SA5u8.js                0.09 kB │ gzip:   0.11 kB
../../../../../private/var/folders/s5/9_vz09d95kn40w81hvszyb680000gn/T/chromatic--73511-vv5oPnsx7QwV/assets/preview-DE4FzM2l.js                       0.10 kB │ gzip:   0.11 kB
../../../../../private/var/folders/s5/9_vz09d95kn40w81hvszyb680000gn/T/chromatic--73511-vv5oPnsx7QwV/assets/preview-YNPtqFhx.js                       0.15 kB │ gzip:   0.13 kB
../../../../../private/var/folders/s5/9_vz09d95kn40w81hvszyb680000gn/T/chromatic--73511-vv5oPnsx7QwV/assets/test-utils-3BqeSQto.js                    0.41 kB │ gzip:   0.29 kB
../../../../../private/var/folders/s5/9_vz09d95kn40w81hvszyb680000gn/T/chromatic--73511-vv5oPnsx7QwV/assets/jsx-runtime-6_7EaQ7a.js                   0.42 kB │ gzip:   0.29 kB
../../../../../private/var/folders/s5/9_vz09d95kn40w81hvszyb680000gn/T/chromatic--73511-vv5oPnsx7QwV/assets/react-DSGwT7bU.js                         0.44 kB │ gzip:   0.28 kB
../../../../../private/var/folders/s5/9_vz09d95kn40w81hvszyb680000gn/T/chromatic--73511-vv5oPnsx7QwV/assets/esm-BWPoH0p7.js                           0.66 kB │ gzip:   0.40 kB
../../../../../private/var/folders/s5/9_vz09d95kn40w81hvszyb680000gn/T/chromatic--73511-vv5oPnsx7QwV/assets/preview-V6M1IQyr.js                       0.68 kB │ gzip:   0.47 kB
../../../../../private/var/folders/s5/9_vz09d95kn40w81hvszyb680000gn/T/chromatic--73511-vv5oPnsx7QwV/assets/chunk-XP5HYGXS-pBWzft8W.js                0.71 kB │ gzip:   0.40 kB
../../../../../private/var/folders/s5/9_vz09d95kn40w81hvszyb680000gn/T/chromatic--73511-vv5oPnsx7QwV/assets/react-18-62hbyGHA.js                      0.82 kB │ gzip:   0.48 kB
../../../../../private/var/folders/s5/9_vz09d95kn40w81hvszyb680000gn/T/chromatic--73511-vv5oPnsx7QwV/assets/preview-CyV7sx8u.js                       0.88 kB │ gzip:   0.55 kB
../../../../../private/var/folders/s5/9_vz09d95kn40w81hvszyb680000gn/T/chromatic--73511-vv5oPnsx7QwV/assets/StalenessIndicator-KS-Y9xcy.js            1.02 kB │ gzip:   0.66 kB
../../../../../private/var/folders/s5/9_vz09d95kn40w81hvszyb680000gn/T/chromatic--73511-vv5oPnsx7QwV/assets/preview-DabQY7WT.js                       3.39 kB │ gzip:   1.61 kB
../../../../../private/var/folders/s5/9_vz09d95kn40w81hvszyb680000gn/T/chromatic--73511-vv5oPnsx7QwV/assets/preview-r-j0AB7f.js                       4.81 kB │ gzip:   1.74 kB
../../../../../private/var/folders/s5/9_vz09d95kn40w81hvszyb680000gn/T/chromatic--73511-vv5oPnsx7QwV/assets/react-Ctfq4rwL.js                         7.52 kB │ gzip:   2.87 kB
../../../../../private/var/folders/s5/9_vz09d95kn40w81hvszyb680000gn/T/chromatic--73511-vv5oPnsx7QwV/assets/preview-BPB73tdA.js                       7.61 kB │ gzip:   1.53 kB
../../../../../private/var/folders/s5/9_vz09d95kn40w81hvszyb680000gn/T/chromatic--73511-vv5oPnsx7QwV/assets/preview-C_MShwCj.js                       8.13 kB │ gzip:   3.07 kB
../../../../../private/var/folders/s5/9_vz09d95kn40w81hvszyb680000gn/T/chromatic--73511-vv5oPnsx7QwV/assets/BalanceCard.stories-DUWsAWIS.js           8.33 kB │ gzip:   2.11 kB
../../../../../private/var/folders/s5/9_vz09d95kn40w81hvszyb680000gn/T/chromatic--73511-vv5oPnsx7QwV/assets/RequestList.stories-DkUOb1XA.js          11.34 kB │ gzip:   2.98 kB
../../../../../private/var/folders/s5/9_vz09d95kn40w81hvszyb680000gn/T/chromatic--73511-vv5oPnsx7QwV/assets/ManagerRequestCard.stories-CewuCTxH.js   12.05 kB │ gzip:   3.21 kB
../../../../../private/var/folders/s5/9_vz09d95kn40w81hvszyb680000gn/T/chromatic--73511-vv5oPnsx7QwV/assets/dist-s3geOxke.js                         12.35 kB │ gzip:   3.72 kB
../../../../../private/var/folders/s5/9_vz09d95kn40w81hvszyb680000gn/T/chromatic--73511-vv5oPnsx7QwV/assets/Color-YHDXOIA2-CvfnK7Qg.js               28.94 kB │ gzip:  10.67 kB
../../../../../private/var/folders/s5/9_vz09d95kn40w81hvszyb680000gn/T/chromatic--73511-vv5oPnsx7QwV/assets/entry-preview-D891L7mu.js                29.04 kB │ gzip:   8.96 kB
../../../../../private/var/folders/s5/9_vz09d95kn40w81hvszyb680000gn/T/chromatic--73511-vv5oPnsx7QwV/assets/RequestForm.stories-Ciei526x.js          40.18 kB │ gzip:  11.91 kB
../../../../../private/var/folders/s5/9_vz09d95kn40w81hvszyb680000gn/T/chromatic--73511-vv5oPnsx7QwV/assets/docs-tools-BX_hPj7N.js                   55.82 kB │ gzip:  15.67 kB
../../../../../private/var/folders/s5/9_vz09d95kn40w81hvszyb680000gn/T/chromatic--73511-vv5oPnsx7QwV/assets/DocsRenderer-CFRXHY34-D-7ZPmWL.js       166.32 kB │ gzip:  50.59 kB
../../../../../private/var/folders/s5/9_vz09d95kn40w81hvszyb680000gn/T/chromatic--73511-vv5oPnsx7QwV/assets/client-BlMUx9E2.js                      181.77 kB │ gzip:  57.16 kB
../../../../../private/var/folders/s5/9_vz09d95kn40w81hvszyb680000gn/T/chromatic--73511-vv5oPnsx7QwV/assets/iframe-mmkJDDu7.js                      210.39 kB │ gzip:  70.96 kB
../../../../../private/var/folders/s5/9_vz09d95kn40w81hvszyb680000gn/T/chromatic--73511-vv5oPnsx7QwV/assets/entry-preview-docs-D6sMAo-a.js          254.55 kB │ gzip:  75.67 kB
../../../../../private/var/folders/s5/9_vz09d95kn40w81hvszyb680000gn/T/chromatic--73511-vv5oPnsx7QwV/assets/dist-Bn_XY6IK.js                        647.68 kB │ gzip: 149.61 kB
../../../../../private/var/folders/s5/9_vz09d95kn40w81hvszyb680000gn/T/chromatic--73511-vv5oPnsx7QwV/assets/preview-Cgrpy4B9.js                     647.72 kB │ gzip: 149.63 kB
../../../../../private/var/folders/s5/9_vz09d95kn40w81hvszyb680000gn/T/chromatic--73511-vv5oPnsx7QwV/assets/components-BfwfQMji.js                  700.57 kB │ gzip: 218.19 kB

[32m✓ built in 635ms[39m
info => Preview built ([38;2;181;126;229m926 ms[39m)
info => Output directory: /private/var/folders/s5/9_vz09d95kn40w81hvszyb680000gn/T/chromatic--73511-vv5oPnsx7QwV
